[maxcdn.bootstrapcdn.com/bootstrap/3.3.7/css/bootstrap.min.css]
[ajax.googleapis.com/ajax/libs/jquery/3.3.1/jquery.min.js]
[maxcdn.bootstrapcdn.com/bootstrap/3.3.7/js/bootstrap.min.js]
[backblue.gif]
[fade.gif]
[index.html]
[unmsm.claro.net.pe/resultAdmin20192/index.html]
[maxcdn.bootstrapcdn.com/bootstrap/3.3.7/css/bootstrap.min.css]
[unmsm.claro.net.pe/resultAdmin20192/css/estilos.css]
[unmsm.claro.net.pe/resultAdmin20192/A.html]
[unmsm.claro.net.pe/resultAdmin20192/C.html]
[unmsm.claro.net.pe/resultAdmin20192/J.html]
[unmsm.claro.net.pe/resultAdmin20192/N.html]
[unmsm.claro.net.pe/resultAdmin20192/O.html]
[unmsm.claro.net.pe/resultAdmin20192/index-2.html]
[unmsm.claro.net.pe/resultAdmin20192/A/011/0.html]
[unmsm.claro.net.pe/resultAdmin20192/A/012/0.html]
[unmsm.claro.net.pe/resultAdmin20192/A/013/0.html]
[unmsm.claro.net.pe/resultAdmin20192/A/0141/0.html]
[unmsm.claro.net.pe/resultAdmin20192/A/0142/0.html]
[unmsm.claro.net.pe/resultAdmin20192/A/0143/0.html]
[unmsm.claro.net.pe/resultAdmin20192/A/0144/0.html]
[unmsm.claro.net.pe/resultAdmin20192/A/015/0.html]
[unmsm.claro.net.pe/resultAdmin20192/A/022/0.html]
[unmsm.claro.net.pe/resultAdmin20192/A/023/0.html]
[unmsm.claro.net.pe/resultAdmin20192/A/031/0.html]
[unmsm.claro.net.pe/resultAdmin20192/A/033/0.html]
[unmsm.claro.net.pe/resultAdmin20192/A/034/0.html]
[unmsm.claro.net.pe/resultAdmin20192/A/035/0.html]
[unmsm.claro.net.pe/resultAdmin20192/A/036/0.html]
[unmsm.claro.net.pe/resultAdmin20192/A/037/0.html]
[unmsm.claro.net.pe/resultAdmin20192/A/038/0.html]
[unmsm.claro.net.pe/resultAdmin20192/A/039/0.html]
[unmsm.claro.net.pe/resultAdmin20192/A/041/0.html]
[unmsm.claro.net.pe/resultAdmin20192/A/042/0.html]
[unmsm.claro.net.pe/resultAdmin20192/A/043/0.html]
[unmsm.claro.net.pe/resultAdmin20192/A/051/0.html]
[unmsm.claro.net.pe/resultAdmin20192/A/0611/0.html]
[unmsm.claro.net.pe/resultAdmin20192/A/0612/0.html]
[unmsm.claro.net.pe/resultAdmin20192/A/0613/0.html]
[unmsm.claro.net.pe/resultAdmin20192/A/062/0.html]
[unmsm.claro.net.pe/resultAdmin20192/A/071/0.html]
[unmsm.claro.net.pe/resultAdmin20192/A/072/0.html]
[unmsm.claro.net.pe/resultAdmin20192/A/073/0.html]
[unmsm.claro.net.pe/resultAdmin20192/A/081/0.html]
[unmsm.claro.net.pe/resultAdmin20192/A/091/0.html]
[unmsm.claro.net.pe/resultAdmin20192/A/092/0.html]
[unmsm.claro.net.pe/resultAdmin20192/A/093/0.html]
[unmsm.claro.net.pe/resultAdmin20192/A/101/0.html]
[unmsm.claro.net.pe/resultAdmin20192/A/102/0.html]
[unmsm.claro.net.pe/resultAdmin20192/A/103/0.html]
[unmsm.claro.net.pe/resultAdmin20192/A/111/0.html]
[unmsm.claro.net.pe/resultAdmin20192/A/112/0.html]
[unmsm.claro.net.pe/resultAdmin20192/A/113/0.html]
[unmsm.claro.net.pe/resultAdmin20192/A/121/0.html]
[unmsm.claro.net.pe/resultAdmin20192/A/122/0.html]
[unmsm.claro.net.pe/resultAdmin20192/A/123/0.html]
[unmsm.claro.net.pe/resultAdmin20192/A/131/0.html]
[unmsm.claro.net.pe/resultAdmin20192/A/132/0.html]
[unmsm.claro.net.pe/resultAdmin20192/A/141/0.html]
[unmsm.claro.net.pe/resultAdmin20192/A/142/0.html]
[unmsm.claro.net.pe/resultAdmin20192/A/144/0.html]
[unmsm.claro.net.pe/resultAdmin20192/A/145/0.html]
[unmsm.claro.net.pe/resultAdmin20192/A/151/0.html]
[unmsm.claro.net.pe/resultAdmin20192/A/152/0.html]
[unmsm.claro.net.pe/resultAdmin20192/A/153/0.html]
[unmsm.claro.net.pe/resultAdmin20192/A/154/0.html]
[unmsm.claro.net.pe/resultAdmin20192/A/155/0.html]
[unmsm.claro.net.pe/resultAdmin20192/A/157/0.html]
[unmsm.claro.net.pe/resultAdmin20192/A/162/0.html]
[unmsm.claro.net.pe/resultAdmin20192/A/163/0.html]
[unmsm.claro.net.pe/resultAdmin20192/A/165/0.html]
[unmsm.claro.net.pe/resultAdmin20192/A/166/0.html]
[unmsm.claro.net.pe/resultAdmin20192/A/167/0.html]
[unmsm.claro.net.pe/resultAdmin20192/A/168/0.html]
[unmsm.claro.net.pe/resultAdmin20192/A/171/0.html]
[unmsm.claro.net.pe/resultAdmin20192/A/172/0.html]
[unmsm.claro.net.pe/resultAdmin20192/A/173/0.html]
[unmsm.claro.net.pe/resultAdmin20192/A/181/0.html]
[unmsm.claro.net.pe/resultAdmin20192/A/182/0.html]
[unmsm.claro.net.pe/resultAdmin20192/A/191/0.html]
[unmsm.claro.net.pe/resultAdmin20192/A/192/0.html]
[unmsm.claro.net.pe/resultAdmin20192/A/193/0.html]
[unmsm.claro.net.pe/resultAdmin20192/A/194/0.html]
[unmsm.claro.net.pe/resultAdmin20192/A/201/0.html]
[unmsm.claro.net.pe/resultAdmin20192/A/202/0.html]
[unmsm.claro.net.pe/resultAdmin20192/C/011/0.html]
[unmsm.claro.net.pe/resultAdmin20192/C/012/0.html]
[unmsm.claro.net.pe/resultAdmin20192/C/013/0.html]
[unmsm.claro.net.pe/resultAdmin20192/C/0141/0.html]
[unmsm.claro.net.pe/resultAdmin20192/C/0142/0.html]
[unmsm.claro.net.pe/resultAdmin20192/C/0143/0.html]
[unmsm.claro.net.pe/resultAdmin20192/C/0144/0.html]
[unmsm.claro.net.pe/resultAdmin20192/C/015/0.html]
[unmsm.claro.net.pe/resultAdmin20192/C/022/0.html]
[unmsm.claro.net.pe/resultAdmin20192/C/023/0.html]
[unmsm.claro.net.pe/resultAdmin20192/C/034/0.html]
[unmsm.claro.net.pe/resultAdmin20192/C/035/0.html]
[unmsm.claro.net.pe/resultAdmin20192/C/041/0.html]
[unmsm.claro.net.pe/resultAdmin20192/C/043/0.html]
[unmsm.claro.net.pe/resultAdmin20192/C/051/0.html]
[unmsm.claro.net.pe/resultAdmin20192/C/0612/0.html]
[unmsm.claro.net.pe/resultAdmin20192/C/0613/0.html]
[unmsm.claro.net.pe/resultAdmin20192/C/062/0.html]
[unmsm.claro.net.pe/resultAdmin20192/C/071/0.html]
[unmsm.claro.net.pe/resultAdmin20192/C/072/0.html]
[unmsm.claro.net.pe/resultAdmin20192/C/073/0.html]
[unmsm.claro.net.pe/resultAdmin20192/C/081/0.html]
[unmsm.claro.net.pe/resultAdmin20192/C/091/0.html]
[unmsm.claro.net.pe/resultAdmin20192/C/092/0.html]
[unmsm.claro.net.pe/resultAdmin20192/C/093/0.html]
[unmsm.claro.net.pe/resultAdmin20192/C/101/0.html]
[unmsm.claro.net.pe/resultAdmin20192/C/102/0.html]
[unmsm.claro.net.pe/resultAdmin20192/C/103/0.html]
[unmsm.claro.net.pe/resultAdmin20192/C/111/0.html]
[unmsm.claro.net.pe/resultAdmin20192/C/112/0.html]
[unmsm.claro.net.pe/resultAdmin20192/C/113/0.html]
[unmsm.claro.net.pe/resultAdmin20192/C/121/0.html]
[unmsm.claro.net.pe/resultAdmin20192/C/122/0.html]
[unmsm.claro.net.pe/resultAdmin20192/C/123/0.html]
[unmsm.claro.net.pe/resultAdmin20192/C/131/0.html]
[unmsm.claro.net.pe/resultAdmin20192/C/132/0.html]
[unmsm.claro.net.pe/resultAdmin20192/C/141/0.html]
[unmsm.claro.net.pe/resultAdmin20192/C/142/0.html]
[unmsm.claro.net.pe/resultAdmin20192/C/144/0.html]
[unmsm.claro.net.pe/resultAdmin20192/C/145/0.html]
[unmsm.claro.net.pe/resultAdmin20192/C/151/0.html]
[unmsm.claro.net.pe/resultAdmin20192/C/152/0.html]
[unmsm.claro.net.pe/resultAdmin20192/C/154/0.html]
[unmsm.claro.net.pe/resultAdmin20192/C/155/0.html]
[unmsm.claro.net.pe/resultAdmin20192/C/162/0.html]
[unmsm.claro.net.pe/resultAdmin20192/C/163/0.html]
[unmsm.claro.net.pe/resultAdmin20192/C/165/0.html]
[unmsm.claro.net.pe/resultAdmin20192/C/166/0.html]
[unmsm.claro.net.pe/resultAdmin20192/C/167/0.html]
[unmsm.claro.net.pe/resultAdmin20192/C/168/0.html]
[unmsm.claro.net.pe/resultAdmin20192/C/171/0.html]
[unmsm.claro.net.pe/resultAdmin20192/C/172/0.html]
[unmsm.claro.net.pe/resultAdmin20192/C/173/0.html]
[unmsm.claro.net.pe/resultAdmin20192/C/181/0.html]
[unmsm.claro.net.pe/resultAdmin20192/C/182/0.html]
[unmsm.claro.net.pe/resultAdmin20192/C/191/0.html]
[unmsm.claro.net.pe/resultAdmin20192/C/192/0.html]
[unmsm.claro.net.pe/resultAdmin20192/C/193/0.html]
[unmsm.claro.net.pe/resultAdmin20192/C/194/0.html]
[unmsm.claro.net.pe/resultAdmin20192/C/201/0.html]
[unmsm.claro.net.pe/resultAdmin20192/C/202/0.html]
[unmsm.claro.net.pe/resultAdmin20192/J/072/0.html]
[unmsm.claro.net.pe/resultAdmin20192/J/171/0.html]
[unmsm.claro.net.pe/resultAdmin20192/J/172/0.html]
[unmsm.claro.net.pe/resultAdmin20192/N/011/0.html]
[unmsm.claro.net.pe/resultAdmin20192/N/0141/0.html]
[unmsm.claro.net.pe/resultAdmin20192/N/022/0.html]
[unmsm.claro.net.pe/resultAdmin20192/N/023/0.html]
[unmsm.claro.net.pe/resultAdmin20192/N/033/0.html]
[unmsm.claro.net.pe/resultAdmin20192/N/035/0.html]
[unmsm.claro.net.pe/resultAdmin20192/N/037/0.html]
[unmsm.claro.net.pe/resultAdmin20192/N/0612/0.html]
[unmsm.claro.net.pe/resultAdmin20192/N/0613/0.html]
[unmsm.claro.net.pe/resultAdmin20192/N/081/0.html]
[unmsm.claro.net.pe/resultAdmin20192/N/102/0.html]
[unmsm.claro.net.pe/resultAdmin20192/N/111/0.html]
[unmsm.claro.net.pe/resultAdmin20192/N/121/0.html]
[unmsm.claro.net.pe/resultAdmin20192/N/123/0.html]
[unmsm.claro.net.pe/resultAdmin20192/N/165/0.html]
[unmsm.claro.net.pe/resultAdmin20192/N/168/0.html]
[unmsm.claro.net.pe/resultAdmin20192/N/181/0.html]
[unmsm.claro.net.pe/resultAdmin20192/N/201/0.html]
[unmsm.claro.net.pe/resultAdmin20192/O/023/0.html]
[unmsm.claro.net.pe/resultAdmin20192/O/033/0.html]
[unmsm.claro.net.pe/resultAdmin20192/O/035/0.html]
[unmsm.claro.net.pe/resultAdmin20192/O/051/0.html]
[unmsm.claro.net.pe/resultAdmin20192/O/073/0.html]
[unmsm.claro.net.pe/resultAdmin20192/O/091/0.html]
[unmsm.claro.net.pe/resultAdmin20192/O/092/0.html]
[unmsm.claro.net.pe/resultAdmin20192/O/102/0.html]
[unmsm.claro.net.pe/resultAdmin20192/O/131/0.html]
[unmsm.claro.net.pe/resultAdmin20192/O/132/0.html]
[unmsm.claro.net.pe/resultAdmin20192/O/141/0.html]
[unmsm.claro.net.pe/resultAdmin20192/O/144/0.html]
[unmsm.claro.net.pe/resultAdmin20192/O/145/0.html]
[unmsm.claro.net.pe/resultAdmin20192/O/151/0.html]
[unmsm.claro.net.pe/resultAdmin20192/O/152/0.html]
[unmsm.claro.net.pe/resultAdmin20192/O/153/0.html]
[unmsm.claro.net.pe/resultAdmin20192/O/173/0.html]
[unmsm.claro.net.pe/resultAdmin20192/O/181/0.html]
[unmsm.claro.net.pe/resultAdmin20192/O/182/0.html]
[unmsm.claro.net.pe/resultAdmin20192/O/191/0.html]
[unmsm.claro.net.pe/resultAdmin20192/O/192/0.html]
[unmsm.claro.net.pe/resultAdmin20192/O/193/0.html]
[unmsm.claro.net.pe/resultAdmin20192/O/194/0.html]
[unmsm.claro.net.pe/resultAdmin20192/O/201/0.html]
[unmsm.claro.net.pe/resultAdmin20192/O/202/0.html]
[unmsm.claro.net.pe/resultAdmin20192/A/011/1.html]
[unmsm.claro.net.pe/resultAdmin20192/A/011/2.html]
[unmsm.claro.net.pe/resultAdmin20192/A/011/3.html]
[unmsm.claro.net.pe/resultAdmin20192/A/011/4.html]
[unmsm.claro.net.pe/resultAdmin20192/A/011/5.html]
[unmsm.claro.net.pe/resultAdmin20192/A/011/6.html]
[unmsm.claro.net.pe/resultAdmin20192/A/011/7.html]
[unmsm.claro.net.pe/resultAdmin20192/A/011/8.html]
[unmsm.claro.net.pe/resultAdmin20192/A/011/9.html]
[unmsm.claro.net.pe/resultAdmin20192/A/011/10.html]
[unmsm.claro.net.pe/resultAdmin20192/A/011/11.html]
[unmsm.claro.net.pe/resultAdmin20192/A/011/12.html]
[unmsm.claro.net.pe/resultAdmin20192/A/011/13.html]
[unmsm.claro.net.pe/resultAdmin20192/A/011/14.html]
[unmsm.claro.net.pe/resultAdmin20192/A/011/15.html]
[unmsm.claro.net.pe/resultAdmin20192/A/011/16.html]
[unmsm.claro.net.pe/resultAdmin20192/A/011/17.html]
[unmsm.claro.net.pe/resultAdmin20192/A/011/18.html]
[unmsm.claro.net.pe/resultAdmin20192/A/011/19.html]
[unmsm.claro.net.pe/resultAdmin20192/A/011/20.html]
[unmsm.claro.net.pe/resultAdmin20192/A/011/21.html]
[unmsm.claro.net.pe/resultAdmin20192/A/011/22.html]
[unmsm.claro.net.pe/resultAdmin20192/A/011/23.html]
[unmsm.claro.net.pe/resultAdmin20192/A/011/24.html]
[unmsm.claro.net.pe/resultAdmin20192/A/011/25.html]
[unmsm.claro.net.pe/resultAdmin20192/A/011/26.html]
[unmsm.claro.net.pe/resultAdmin20192/A/011/27.html]
[unmsm.claro.net.pe/resultAdmin20192/A/011/28.html]
[unmsm.claro.net.pe/resultAdmin20192/A/011/29.html]
[unmsm.claro.net.pe/resultAdmin20192/A/011/30.html]
[unmsm.claro.net.pe/resultAdmin20192/A/011/31.html]
[unmsm.claro.net.pe/resultAdmin20192/A/011/32.html]
[unmsm.claro.net.pe/resultAdmin20192/A/011/33.html]
[unmsm.claro.net.pe/resultAdmin20192/A/011/34.html]
[unmsm.claro.net.pe/resultAdmin20192/A/011/35.html]
[unmsm.claro.net.pe/resultAdmin20192/A/011/36.html]
[unmsm.claro.net.pe/resultAdmin20192/A/011/37.html]
[unmsm.claro.net.pe/resultAdmin20192/A/011/38.html]
[unmsm.claro.net.pe/resultAdmin20192/A/011/39.html]
[unmsm.claro.net.pe/resultAdmin20192/A/011/40.html]
[unmsm.claro.net.pe/resultAdmin20192/A/011/41.html]
[unmsm.claro.net.pe/resultAdmin20192/A/011/42.html]
[unmsm.claro.net.pe/resultAdmin20192/A/011/43.html]
[unmsm.claro.net.pe/resultAdmin20192/A/011/44.html]
[unmsm.claro.net.pe/resultAdmin20192/A/011/45.html]
[unmsm.claro.net.pe/resultAdmin20192/A/011/46.html]
[unmsm.claro.net.pe/resultAdmin20192/A/011/47.html]
[unmsm.claro.net.pe/resultAdmin20192/A/011/48.html]
[unmsm.claro.net.pe/resultAdmin20192/A/012/1.html]
[unmsm.claro.net.pe/resultAdmin20192/A/012/2.html]
[unmsm.claro.net.pe/resultAdmin20192/A/012/3.html]
[unmsm.claro.net.pe/resultAdmin20192/A/012/4.html]
[unmsm.claro.net.pe/resultAdmin20192/A/012/5.html]
[unmsm.claro.net.pe/resultAdmin20192/A/012/6.html]
[unmsm.claro.net.pe/resultAdmin20192/A/013/1.html]
[unmsm.claro.net.pe/resultAdmin20192/A/013/2.html]
[unmsm.claro.net.pe/resultAdmin20192/A/013/3.html]
[unmsm.claro.net.pe/resultAdmin20192/A/013/4.html]
[unmsm.claro.net.pe/resultAdmin20192/A/013/5.html]
[unmsm.claro.net.pe/resultAdmin20192/A/013/6.html]
[unmsm.claro.net.pe/resultAdmin20192/A/013/7.html]
[unmsm.claro.net.pe/resultAdmin20192/A/0141/1.html]
[unmsm.claro.net.pe/resultAdmin20192/A/0141/2.html]
[unmsm.claro.net.pe/resultAdmin20192/A/0142/1.html]
[unmsm.claro.net.pe/resultAdmin20192/A/0142/2.html]
[unmsm.claro.net.pe/resultAdmin20192/A/0143/1.html]
[unmsm.claro.net.pe/resultAdmin20192/A/0144/1.html]
[unmsm.claro.net.pe/resultAdmin20192/A/015/1.html]
[unmsm.claro.net.pe/resultAdmin20192/A/015/2.html]
[unmsm.claro.net.pe/resultAdmin20192/A/015/3.html]
[unmsm.claro.net.pe/resultAdmin20192/A/015/4.html]
[unmsm.claro.net.pe/resultAdmin20192/A/015/5.html]
[unmsm.claro.net.pe/resultAdmin20192/A/015/6.html]
[unmsm.claro.net.pe/resultAdmin20192/A/022/1.html]
[unmsm.claro.net.pe/resultAdmin20192/A/022/2.html]
[unmsm.claro.net.pe/resultAdmin20192/A/022/3.html]
[unmsm.claro.net.pe/resultAdmin20192/A/022/4.html]
[unmsm.claro.net.pe/resultAdmin20192/A/022/5.html]
[unmsm.claro.net.pe/resultAdmin20192/A/022/6.html]
[unmsm.claro.net.pe/resultAdmin20192/A/022/7.html]
[unmsm.claro.net.pe/resultAdmin20192/A/022/8.html]
[unmsm.claro.net.pe/resultAdmin20192/A/022/9.html]
[unmsm.claro.net.pe/resultAdmin20192/A/022/10.html]
[unmsm.claro.net.pe/resultAdmin20192/A/022/11.html]
[unmsm.claro.net.pe/resultAdmin20192/A/022/12.html]
[unmsm.claro.net.pe/resultAdmin20192/A/022/13.html]
[unmsm.claro.net.pe/resultAdmin20192/A/022/14.html]
[unmsm.claro.net.pe/resultAdmin20192/A/022/15.html]
[unmsm.claro.net.pe/resultAdmin20192/A/022/16.html]
[unmsm.claro.net.pe/resultAdmin20192/A/022/17.html]
[unmsm.claro.net.pe/resultAdmin20192/A/022/18.html]
[unmsm.claro.net.pe/resultAdmin20192/A/022/19.html]
[unmsm.claro.net.pe/resultAdmin20192/A/022/20.html]
[unmsm.claro.net.pe/resultAdmin20192/A/022/21.html]
[unmsm.claro.net.pe/resultAdmin20192/A/022/22.html]
[unmsm.claro.net.pe/resultAdmin20192/A/022/23.html]
[unmsm.claro.net.pe/resultAdmin20192/A/022/24.html]
[unmsm.claro.net.pe/resultAdmin20192/A/022/25.html]
[unmsm.claro.net.pe/resultAdmin20192/A/022/26.html]
[unmsm.claro.net.pe/resultAdmin20192/A/022/27.html]
[unmsm.claro.net.pe/resultAdmin20192/A/022/28.html]
[unmsm.claro.net.pe/resultAdmin20192/A/022/29.html]
[unmsm.claro.net.pe/resultAdmin20192/A/022/30.html]
[unmsm.claro.net.pe/resultAdmin20192/A/022/31.html]
[unmsm.claro.net.pe/resultAdmin20192/A/022/32.html]
[unmsm.claro.net.pe/resultAdmin20192/A/022/33.html]
[unmsm.claro.net.pe/resultAdmin20192/A/022/34.html]
[unmsm.claro.net.pe/resultAdmin20192/A/022/35.html]
[unmsm.claro.net.pe/resultAdmin20192/A/022/36.html]
[unmsm.claro.net.pe/resultAdmin20192/A/022/37.html]
[unmsm.claro.net.pe/resultAdmin20192/A/022/38.html]
[unmsm.claro.net.pe/resultAdmin20192/A/022/39.html]
[unmsm.claro.net.pe/resultAdmin20192/A/022/40.html]
[unmsm.claro.net.pe/resultAdmin20192/A/022/41.html]
[unmsm.claro.net.pe/resultAdmin20192/A/023/1.html]
[unmsm.claro.net.pe/resultAdmin20192/A/023/2.html]
[unmsm.claro.net.pe/resultAdmin20192/A/023/3.html]
[unmsm.claro.net.pe/resultAdmin20192/A/023/4.html]
[unmsm.claro.net.pe/resultAdmin20192/A/023/5.html]
[unmsm.claro.net.pe/resultAdmin20192/A/023/6.html]
[unmsm.claro.net.pe/resultAdmin20192/A/023/7.html]
[unmsm.claro.net.pe/resultAdmin20192/A/023/8.html]
[unmsm.claro.net.pe/resultAdmin20192/A/031/1.html]
[unmsm.claro.net.pe/resultAdmin20192/A/031/2.html]
[unmsm.claro.net.pe/resultAdmin20192/A/031/3.html]
[unmsm.claro.net.pe/resultAdmin20192/A/033/1.html]
[unmsm.claro.net.pe/resultAdmin20192/A/034/1.html]
[unmsm.claro.net.pe/resultAdmin20192/A/035/1.html]
[unmsm.claro.net.pe/resultAdmin20192/A/035/2.html]
[unmsm.claro.net.pe/resultAdmin20192/A/035/3.html]
[unmsm.claro.net.pe/resultAdmin20192/A/035/4.html]
[unmsm.claro.net.pe/resultAdmin20192/A/035/5.html]
[unmsm.claro.net.pe/resultAdmin20192/A/035/6.html]
[unmsm.claro.net.pe/resultAdmin20192/A/035/7.html]
[unmsm.claro.net.pe/resultAdmin20192/A/035/8.html]
[unmsm.claro.net.pe/resultAdmin20192/A/035/9.html]
[unmsm.claro.net.pe/resultAdmin20192/A/035/10.html]
[unmsm.claro.net.pe/resultAdmin20192/A/035/11.html]
[unmsm.claro.net.pe/resultAdmin20192/A/035/12.html]
[unmsm.claro.net.pe/resultAdmin20192/A/035/13.html]
[unmsm.claro.net.pe/resultAdmin20192/A/035/14.html]
[unmsm.claro.net.pe/resultAdmin20192/A/035/15.html]
[unmsm.claro.net.pe/resultAdmin20192/A/036/1.html]
[unmsm.claro.net.pe/resultAdmin20192/A/037/1.html]
[unmsm.claro.net.pe/resultAdmin20192/A/041/1.html]
[unmsm.claro.net.pe/resultAdmin20192/A/041/2.html]
[unmsm.claro.net.pe/resultAdmin20192/A/041/3.html]
[unmsm.claro.net.pe/resultAdmin20192/A/041/4.html]
[unmsm.claro.net.pe/resultAdmin20192/A/043/1.html]
[unmsm.claro.net.pe/resultAdmin20192/A/051/1.html]
[unmsm.claro.net.pe/resultAdmin20192/A/051/2.html]
[unmsm.claro.net.pe/resultAdmin20192/A/051/3.html]
[unmsm.claro.net.pe/resultAdmin20192/A/051/4.html]
[unmsm.claro.net.pe/resultAdmin20192/A/051/5.html]
[unmsm.claro.net.pe/resultAdmin20192/A/0611/1.html]
[unmsm.claro.net.pe/resultAdmin20192/A/0611/2.html]
[unmsm.claro.net.pe/resultAdmin20192/A/0612/1.html]
[unmsm.claro.net.pe/resultAdmin20192/A/0613/1.html]
[unmsm.claro.net.pe/resultAdmin20192/A/0613/2.html]
[unmsm.claro.net.pe/resultAdmin20192/A/0613/3.html]
[unmsm.claro.net.pe/resultAdmin20192/A/0613/4.html]
[unmsm.claro.net.pe/resultAdmin20192/A/0613/5.html]
[unmsm.claro.net.pe/resultAdmin20192/A/062/1.html]
[unmsm.claro.net.pe/resultAdmin20192/A/062/2.html]
[unmsm.claro.net.pe/resultAdmin20192/A/071/1.html]
[unmsm.claro.net.pe/resultAdmin20192/A/072/1.html]
[unmsm.claro.net.pe/resultAdmin20192/A/072/2.html]
[unmsm.claro.net.pe/resultAdmin20192/A/072/3.html]
[unmsm.claro.net.pe/resultAdmin20192/A/072/4.html]
[unmsm.claro.net.pe/resultAdmin20192/A/072/5.html]
[unmsm.claro.net.pe/resultAdmin20192/A/073/1.html]
[unmsm.claro.net.pe/resultAdmin20192/A/073/2.html]
[unmsm.claro.net.pe/resultAdmin20192/A/081/1.html]
[unmsm.claro.net.pe/resultAdmin20192/A/081/2.html]
[unmsm.claro.net.pe/resultAdmin20192/A/081/3.html]
[unmsm.claro.net.pe/resultAdmin20192/A/081/4.html]
[unmsm.claro.net.pe/resultAdmin20192/A/081/5.html]
[unmsm.claro.net.pe/resultAdmin20192/A/081/6.html]
[unmsm.claro.net.pe/resultAdmin20192/A/081/7.html]
[unmsm.claro.net.pe/resultAdmin20192/A/091/1.html]
[unmsm.claro.net.pe/resultAdmin20192/A/091/2.html]
[unmsm.claro.net.pe/resultAdmin20192/A/091/3.html]
[unmsm.claro.net.pe/resultAdmin20192/A/091/4.html]
[unmsm.claro.net.pe/resultAdmin20192/A/091/5.html]
[unmsm.claro.net.pe/resultAdmin20192/A/091/6.html]
[unmsm.claro.net.pe/resultAdmin20192/A/091/7.html]
[unmsm.claro.net.pe/resultAdmin20192/A/091/8.html]
[unmsm.claro.net.pe/resultAdmin20192/A/091/9.html]
[unmsm.claro.net.pe/resultAdmin20192/A/091/10.html]
[unmsm.claro.net.pe/resultAdmin20192/A/091/11.html]
[unmsm.claro.net.pe/resultAdmin20192/A/091/12.html]
[unmsm.claro.net.pe/resultAdmin20192/A/091/13.html]
[unmsm.claro.net.pe/resultAdmin20192/A/091/14.html]
[unmsm.claro.net.pe/resultAdmin20192/A/091/15.html]
[unmsm.claro.net.pe/resultAdmin20192/A/091/16.html]
[unmsm.claro.net.pe/resultAdmin20192/A/091/17.html]
[unmsm.claro.net.pe/resultAdmin20192/A/091/18.html]
[unmsm.claro.net.pe/resultAdmin20192/A/091/19.html]
[unmsm.claro.net.pe/resultAdmin20192/A/091/20.html]
[unmsm.claro.net.pe/resultAdmin20192/A/092/1.html]
[unmsm.claro.net.pe/resultAdmin20192/A/092/2.html]
[unmsm.claro.net.pe/resultAdmin20192/A/092/3.html]
[unmsm.claro.net.pe/resultAdmin20192/A/092/4.html]
[unmsm.claro.net.pe/resultAdmin20192/A/092/5.html]
[unmsm.claro.net.pe/resultAdmin20192/A/092/6.html]
[unmsm.claro.net.pe/resultAdmin20192/A/092/7.html]
[unmsm.claro.net.pe/resultAdmin20192/A/093/1.html]
[unmsm.claro.net.pe/resultAdmin20192/A/093/2.html]
[unmsm.claro.net.pe/resultAdmin20192/A/093/3.html]
[unmsm.claro.net.pe/resultAdmin20192/A/093/4.html]
[unmsm.claro.net.pe/resultAdmin20192/A/093/5.html]
[unmsm.claro.net.pe/resultAdmin20192/A/093/6.html]
[unmsm.claro.net.pe/resultAdmin20192/A/093/7.html]
[unmsm.claro.net.pe/resultAdmin20192/A/093/8.html]
[unmsm.claro.net.pe/resultAdmin20192/A/093/9.html]
[unmsm.claro.net.pe/resultAdmin20192/A/093/10.html]
[unmsm.claro.net.pe/resultAdmin20192/A/093/11.html]
[unmsm.claro.net.pe/resultAdmin20192/A/093/12.html]
[unmsm.claro.net.pe/resultAdmin20192/A/093/13.html]
[unmsm.claro.net.pe/resultAdmin20192/A/093/14.html]
[unmsm.claro.net.pe/resultAdmin20192/A/093/15.html]
[unmsm.claro.net.pe/resultAdmin20192/A/093/16.html]
[unmsm.claro.net.pe/resultAdmin20192/A/093/17.html]
[unmsm.claro.net.pe/resultAdmin20192/A/093/18.html]
[unmsm.claro.net.pe/resultAdmin20192/A/101/1.html]
[unmsm.claro.net.pe/resultAdmin20192/A/101/2.html]
[unmsm.claro.net.pe/resultAdmin20192/A/101/3.html]
[unmsm.claro.net.pe/resultAdmin20192/A/101/4.html]
[unmsm.claro.net.pe/resultAdmin20192/A/102/1.html]
[unmsm.claro.net.pe/resultAdmin20192/A/102/2.html]
[unmsm.claro.net.pe/resultAdmin20192/A/102/3.html]
[unmsm.claro.net.pe/resultAdmin20192/A/103/1.html]
[unmsm.claro.net.pe/resultAdmin20192/A/111/1.html]
[unmsm.claro.net.pe/resultAdmin20192/A/111/2.html]
[unmsm.claro.net.pe/resultAdmin20192/A/111/3.html]
[unmsm.claro.net.pe/resultAdmin20192/A/111/4.html]
[unmsm.claro.net.pe/resultAdmin20192/A/111/5.html]
[unmsm.claro.net.pe/resultAdmin20192/A/111/6.html]
[unmsm.claro.net.pe/resultAdmin20192/A/111/7.html]
[unmsm.claro.net.pe/resultAdmin20192/A/111/8.html]
[unmsm.claro.net.pe/resultAdmin20192/A/111/9.html]
[unmsm.claro.net.pe/resultAdmin20192/A/111/10.html]
[unmsm.claro.net.pe/resultAdmin20192/A/111/11.html]
[unmsm.claro.net.pe/resultAdmin20192/A/111/12.html]
[unmsm.claro.net.pe/resultAdmin20192/A/111/13.html]
[unmsm.claro.net.pe/resultAdmin20192/A/111/14.html]
[unmsm.claro.net.pe/resultAdmin20192/A/111/15.html]
[unmsm.claro.net.pe/resultAdmin20192/A/111/16.html]
[unmsm.claro.net.pe/resultAdmin20192/A/111/17.html]
[unmsm.claro.net.pe/resultAdmin20192/A/111/18.html]
[unmsm.claro.net.pe/resultAdmin20192/A/111/19.html]
[unmsm.claro.net.pe/resultAdmin20192/A/111/20.html]
[unmsm.claro.net.pe/resultAdmin20192/A/111/21.html]
[unmsm.claro.net.pe/resultAdmin20192/A/112/1.html]
[unmsm.claro.net.pe/resultAdmin20192/A/112/2.html]
[unmsm.claro.net.pe/resultAdmin20192/A/112/3.html]
[unmsm.claro.net.pe/resultAdmin20192/A/112/4.html]
[unmsm.claro.net.pe/resultAdmin20192/A/113/1.html]
[unmsm.claro.net.pe/resultAdmin20192/A/113/2.html]
[unmsm.claro.net.pe/resultAdmin20192/A/113/3.html]
[unmsm.claro.net.pe/resultAdmin20192/A/113/4.html]
[unmsm.claro.net.pe/resultAdmin20192/A/113/5.html]
[unmsm.claro.net.pe/resultAdmin20192/A/121/1.html]
[unmsm.claro.net.pe/resultAdmin20192/A/121/2.html]
[unmsm.claro.net.pe/resultAdmin20192/A/121/3.html]
[unmsm.claro.net.pe/resultAdmin20192/A/121/4.html]
[unmsm.claro.net.pe/resultAdmin20192/A/121/5.html]
[unmsm.claro.net.pe/resultAdmin20192/A/121/6.html]
[unmsm.claro.net.pe/resultAdmin20192/A/121/7.html]
[unmsm.claro.net.pe/resultAdmin20192/A/121/8.html]
[unmsm.claro.net.pe/resultAdmin20192/A/121/9.html]
[unmsm.claro.net.pe/resultAdmin20192/A/122/1.html]
[unmsm.claro.net.pe/resultAdmin20192/A/122/2.html]
[unmsm.claro.net.pe/resultAdmin20192/A/123/1.html]
[unmsm.claro.net.pe/resultAdmin20192/A/123/2.html]
[unmsm.claro.net.pe/resultAdmin20192/A/123/3.html]
[unmsm.claro.net.pe/resultAdmin20192/A/123/4.html]
[unmsm.claro.net.pe/resultAdmin20192/A/131/1.html]
[unmsm.claro.net.pe/resultAdmin20192/A/131/2.html]
[unmsm.claro.net.pe/resultAdmin20192/A/132/1.html]
[unmsm.claro.net.pe/resultAdmin20192/A/132/2.html]
[unmsm.claro.net.pe/resultAdmin20192/A/132/3.html]
[unmsm.claro.net.pe/resultAdmin20192/A/141/1.html]
[unmsm.claro.net.pe/resultAdmin20192/A/145/1.html]
[unmsm.claro.net.pe/resultAdmin20192/A/151/1.html]
[unmsm.claro.net.pe/resultAdmin20192/A/151/2.html]
[unmsm.claro.net.pe/resultAdmin20192/A/152/1.html]
[unmsm.claro.net.pe/resultAdmin20192/A/152/2.html]
[unmsm.claro.net.pe/resultAdmin20192/A/152/3.html]
[unmsm.claro.net.pe/resultAdmin20192/A/153/1.html]
[unmsm.claro.net.pe/resultAdmin20192/A/154/1.html]
[unmsm.claro.net.pe/resultAdmin20192/A/155/1.html]
[unmsm.claro.net.pe/resultAdmin20192/A/155/2.html]
[unmsm.claro.net.pe/resultAdmin20192/A/155/3.html]
[unmsm.claro.net.pe/resultAdmin20192/A/155/4.html]
[unmsm.claro.net.pe/resultAdmin20192/A/155/5.html]
[unmsm.claro.net.pe/resultAdmin20192/A/155/6.html]
[unmsm.claro.net.pe/resultAdmin20192/A/157/1.html]
[unmsm.claro.net.pe/resultAdmin20192/A/157/2.html]
[unmsm.claro.net.pe/resultAdmin20192/A/162/1.html]
[unmsm.claro.net.pe/resultAdmin20192/A/162/2.html]
[unmsm.claro.net.pe/resultAdmin20192/A/162/3.html]
[unmsm.claro.net.pe/resultAdmin20192/A/162/4.html]
[unmsm.claro.net.pe/resultAdmin20192/A/163/1.html]
[unmsm.claro.net.pe/resultAdmin20192/A/163/2.html]
[unmsm.claro.net.pe/resultAdmin20192/A/165/1.html]
[unmsm.claro.net.pe/resultAdmin20192/A/165/2.html]
[unmsm.claro.net.pe/resultAdmin20192/A/165/3.html]
[unmsm.claro.net.pe/resultAdmin20192/A/165/4.html]
[unmsm.claro.net.pe/resultAdmin20192/A/166/1.html]
[unmsm.claro.net.pe/resultAdmin20192/A/166/2.html]
[unmsm.claro.net.pe/resultAdmin20192/A/167/1.html]
[unmsm.claro.net.pe/resultAdmin20192/A/167/2.html]
[unmsm.claro.net.pe/resultAdmin20192/A/167/3.html]
[unmsm.claro.net.pe/resultAdmin20192/A/167/4.html]
[unmsm.claro.net.pe/resultAdmin20192/A/167/5.html]
[unmsm.claro.net.pe/resultAdmin20192/A/167/6.html]
[unmsm.claro.net.pe/resultAdmin20192/A/167/7.html]
[unmsm.claro.net.pe/resultAdmin20192/A/167/8.html]
[unmsm.claro.net.pe/resultAdmin20192/A/167/9.html]
[unmsm.claro.net.pe/resultAdmin20192/A/167/10.html]
[unmsm.claro.net.pe/resultAdmin20192/A/167/11.html]
[unmsm.claro.net.pe/resultAdmin20192/A/167/12.html]
[unmsm.claro.net.pe/resultAdmin20192/A/167/13.html]
[unmsm.claro.net.pe/resultAdmin20192/A/167/14.html]
[unmsm.claro.net.pe/resultAdmin20192/A/167/15.html]
[unmsm.claro.net.pe/resultAdmin20192/A/168/1.html]
[unmsm.claro.net.pe/resultAdmin20192/A/168/2.html]
[unmsm.claro.net.pe/resultAdmin20192/A/168/3.html]
[unmsm.claro.net.pe/resultAdmin20192/A/168/4.html]
[unmsm.claro.net.pe/resultAdmin20192/A/168/5.html]
[unmsm.claro.net.pe/resultAdmin20192/A/168/6.html]
[unmsm.claro.net.pe/resultAdmin20192/A/171/1.html]
[unmsm.claro.net.pe/resultAdmin20192/A/171/2.html]
[unmsm.claro.net.pe/resultAdmin20192/A/171/3.html]
[unmsm.claro.net.pe/resultAdmin20192/A/171/4.html]
[unmsm.claro.net.pe/resultAdmin20192/A/171/5.html]
[unmsm.claro.net.pe/resultAdmin20192/A/171/6.html]
[unmsm.claro.net.pe/resultAdmin20192/A/171/7.html]
[unmsm.claro.net.pe/resultAdmin20192/A/171/8.html]
[unmsm.claro.net.pe/resultAdmin20192/A/171/9.html]
[unmsm.claro.net.pe/resultAdmin20192/A/171/10.html]
[unmsm.claro.net.pe/resultAdmin20192/A/171/11.html]
[unmsm.claro.net.pe/resultAdmin20192/A/171/12.html]
[unmsm.claro.net.pe/resultAdmin20192/A/171/13.html]
[unmsm.claro.net.pe/resultAdmin20192/A/171/14.html]
[unmsm.claro.net.pe/resultAdmin20192/A/171/15.html]
[unmsm.claro.net.pe/resultAdmin20192/A/171/16.html]
[unmsm.claro.net.pe/resultAdmin20192/A/171/17.html]
[unmsm.claro.net.pe/resultAdmin20192/A/171/18.html]
[unmsm.claro.net.pe/resultAdmin20192/A/171/19.html]
[unmsm.claro.net.pe/resultAdmin20192/A/171/20.html]
[unmsm.claro.net.pe/resultAdmin20192/A/171/21.html]
[unmsm.claro.net.pe/resultAdmin20192/A/171/22.html]
[unmsm.claro.net.pe/resultAdmin20192/A/171/23.html]
[unmsm.claro.net.pe/resultAdmin20192/A/171/24.html]
[unmsm.claro.net.pe/resultAdmin20192/A/171/25.html]
[unmsm.claro.net.pe/resultAdmin20192/A/171/26.html]
[unmsm.claro.net.pe/resultAdmin20192/A/172/1.html]
[unmsm.claro.net.pe/resultAdmin20192/A/172/2.html]
[unmsm.claro.net.pe/resultAdmin20192/A/173/1.html]
[unmsm.claro.net.pe/resultAdmin20192/A/181/1.html]
[unmsm.claro.net.pe/resultAdmin20192/A/181/2.html]
[unmsm.claro.net.pe/resultAdmin20192/A/181/3.html]
[unmsm.claro.net.pe/resultAdmin20192/A/181/4.html]
[unmsm.claro.net.pe/resultAdmin20192/A/181/5.html]
[unmsm.claro.net.pe/resultAdmin20192/A/181/6.html]
[unmsm.claro.net.pe/resultAdmin20192/A/181/7.html]
[unmsm.claro.net.pe/resultAdmin20192/A/181/8.html]
[unmsm.claro.net.pe/resultAdmin20192/A/181/9.html]
[unmsm.claro.net.pe/resultAdmin20192/A/181/10.html]
[unmsm.claro.net.pe/resultAdmin20192/A/181/11.html]
[unmsm.claro.net.pe/resultAdmin20192/A/181/12.html]
[unmsm.claro.net.pe/resultAdmin20192/A/181/13.html]
[unmsm.claro.net.pe/resultAdmin20192/A/181/14.html]
[unmsm.claro.net.pe/resultAdmin20192/A/181/15.html]
[unmsm.claro.net.pe/resultAdmin20192/A/181/16.html]
[unmsm.claro.net.pe/resultAdmin20192/A/181/17.html]
[unmsm.claro.net.pe/resultAdmin20192/A/181/18.html]
[unmsm.claro.net.pe/resultAdmin20192/A/181/19.html]
[unmsm.claro.net.pe/resultAdmin20192/A/181/20.html]
[unmsm.claro.net.pe/resultAdmin20192/A/182/1.html]
[unmsm.claro.net.pe/resultAdmin20192/A/182/2.html]
[unmsm.claro.net.pe/resultAdmin20192/A/182/3.html]
[unmsm.claro.net.pe/resultAdmin20192/A/182/4.html]
[unmsm.claro.net.pe/resultAdmin20192/A/182/5.html]
[unmsm.claro.net.pe/resultAdmin20192/A/191/1.html]
[unmsm.claro.net.pe/resultAdmin20192/A/191/2.html]
[unmsm.claro.net.pe/resultAdmin20192/A/191/3.html]
[unmsm.claro.net.pe/resultAdmin20192/A/191/4.html]
[unmsm.claro.net.pe/resultAdmin20192/A/191/5.html]
[unmsm.claro.net.pe/resultAdmin20192/A/191/6.html]
[unmsm.claro.net.pe/resultAdmin20192/A/191/7.html]
[unmsm.claro.net.pe/resultAdmin20192/A/192/1.html]
[unmsm.claro.net.pe/resultAdmin20192/A/192/2.html]
[unmsm.claro.net.pe/resultAdmin20192/A/192/3.html]
[unmsm.claro.net.pe/resultAdmin20192/A/192/4.html]
[unmsm.claro.net.pe/resultAdmin20192/A/192/5.html]
[unmsm.claro.net.pe/resultAdmin20192/A/193/1.html]
[unmsm.claro.net.pe/resultAdmin20192/A/193/2.html]
[unmsm.claro.net.pe/resultAdmin20192/A/193/3.html]
[unmsm.claro.net.pe/resultAdmin20192/A/193/4.html]
[unmsm.claro.net.pe/resultAdmin20192/A/193/5.html]
[unmsm.claro.net.pe/resultAdmin20192/A/194/1.html]
[unmsm.claro.net.pe/resultAdmin20192/A/194/2.html]
[unmsm.claro.net.pe/resultAdmin20192/A/194/3.html]
[unmsm.claro.net.pe/resultAdmin20192/A/194/4.html]
[unmsm.claro.net.pe/resultAdmin20192/A/201/1.html]
[unmsm.claro.net.pe/resultAdmin20192/A/201/2.html]
[unmsm.claro.net.pe/resultAdmin20192/A/201/3.html]
[unmsm.claro.net.pe/resultAdmin20192/A/201/4.html]
[unmsm.claro.net.pe/resultAdmin20192/A/201/5.html]
[unmsm.claro.net.pe/resultAdmin20192/A/201/6.html]
[unmsm.claro.net.pe/resultAdmin20192/A/201/7.html]
[unmsm.claro.net.pe/resultAdmin20192/A/201/8.html]
[unmsm.claro.net.pe/resultAdmin20192/A/201/9.html]
[unmsm.claro.net.pe/resultAdmin20192/A/201/10.html]
[unmsm.claro.net.pe/resultAdmin20192/A/201/11.html]
[unmsm.claro.net.pe/resultAdmin20192/A/201/12.html]
[unmsm.claro.net.pe/resultAdmin20192/A/201/13.html]
[unmsm.claro.net.pe/resultAdmin20192/A/201/14.html]
[unmsm.claro.net.pe/resultAdmin20192/A/201/15.html]
[unmsm.claro.net.pe/resultAdmin20192/A/201/16.html]
[unmsm.claro.net.pe/resultAdmin20192/A/201/17.html]
[unmsm.claro.net.pe/resultAdmin20192/A/201/18.html]
[unmsm.claro.net.pe/resultAdmin20192/A/201/19.html]
[unmsm.claro.net.pe/resultAdmin20192/A/201/20.html]
[unmsm.claro.net.pe/resultAdmin20192/A/202/1.html]
[unmsm.claro.net.pe/resultAdmin20192/A/202/2.html]
[unmsm.claro.net.pe/resultAdmin20192/A/202/3.html]
[unmsm.claro.net.pe/resultAdmin20192/A/202/4.html]
[unmsm.claro.net.pe/resultAdmin20192/A/202/5.html]
[unmsm.claro.net.pe/resultAdmin20192/A/202/6.html]
[unmsm.claro.net.pe/resultAdmin20192/A/202/7.html]
[unmsm.claro.net.pe/resultAdmin20192/A/202/8.html]
[unmsm.claro.net.pe/resultAdmin20192/C/011/1.html]
[unmsm.claro.net.pe/resultAdmin20192/C/011/2.html]
[unmsm.claro.net.pe/resultAdmin20192/C/171/1.html]
